// Jest Snapshot v1, https://goo.gl/fbAQLP

exports[`Test base cache factory schould generate a caching hash (with 1 key) 1`] = `"test.action:Kevin"`;

exports[`Test base cache factory schould generate a caching hash (with 1 key) 2`] = `"test.action:Kevin|19|vpXyfjaPuF2ldvswluY4C+gHCdI=|null"`;

exports[`Test base cache factory schould generate a caching hash. 1`] = `"test.action:zo2xLEbtdnteSnpO9Gj7KD1+wqw="`;
